// Jest Snapshot v1, https://goo.gl/fbAQLP

exports[`should render an App 1`] = `
"<BrowserRouter>
<div>
<Switch>
<Route path=\\"/\\" render={[Function]} />
</Switch>
</div>
</BrowserRouter>"
`;
